Oct 30 21:52:08 localhost sshd[5013]: input_userauth_request: invalid user uk [preauth]
Oct 30 21:52:08 localhost sshd[5013]: pam_unix(sshd:auth): check pass; user unknown
Oct 30 21:52:08 localhost sshd[5013]: pam_unix(sshd:auth): authentication failure; logname= uid=0 euid=0 tty=ssh ruser= rhost=95.170.205.155
Oct 30 21:52:10 localhost sshd[5013]: Failed password for invalid user uk from 95.170.205.155 port 34289 ssh2
Oct 30 21:52:10 localhost sshd[5013]: Received disconnect from 95.170.205.155: 11: Bye Bye [preauth]
Oct 30 21:52:10 localhost sshd[5015]: error: Could not load host key: /etc/ssh/ssh_host_dsa_key
Oct 30 21:52:10 localhost sshd[5015]: error: Could not load host key: /etc/ssh/ssh_host_ecdsa_key
Oct 30 21:52:12 localhost sshd[5015]: Invalid user us from 95.170.205.155
Oct 30 21:52:12 localhost sshd[5015]: input_userauth_request: invalid user us [preauth]
Oct 30 21:52:12 localhost sshd[5015]: pam_unix(sshd:auth): check pass; user unknown
Oct 30 21:52:12 localhost sshd[5015]: pam_unix(sshd:auth): authentication failure; logname= uid=0 euid=0 tty=ssh ruser= rhost=95.170.205.155
Oct 30 21:52:14 localhost sshd[5015]: Failed password for invalid user us from 95.170.205.155 port 35285 ssh2
Oct 30 21:52:14 localhost sshd[5015]: Received disconnect from 95.170.205.155: 11: Bye Bye [preauth]
Oct 30 21:52:15 localhost sshd[5017]: error: Could not load host key: /etc/ssh/ssh_host_dsa_key
Oct 30 21:52:15 localhost sshd[5017]: error: Could not load host key: /etc/ssh/ssh_host_ecdsa_key
Oct 30 21:52:16 localhost sshd[5017]: Invalid user alinus from 95.170.205.155
Oct 30 21:52:16 localhost sshd[5017]: input_userauth_request: invalid user alinus [preauth]
Oct 30 21:52:16 localhost sshd[5017]: pam_unix(sshd:auth): check pass; user unknown
Oct 30 21:52:16 localhost sshd[5017]: pam_unix(sshd:auth): authentication failure; logname= uid=0 euid=0 tty=ssh ruser= rhost=95.170.205.155
Oct 30 21:52:18 localhost sshd[5017]: Failed password for invalid user alinus from 95.170.205.155 port 36322 ssh2
Oct 30 21:52:18 localhost sshd[5017]: Received disconnect from 95.170.205.155: 11: Bye Bye [preauth]
Oct 30 21:52:18 localhost sshd[5019]: error: Could not load host key: /etc/ssh/ssh_host_dsa_key
Oct 30 21:52:18 localhost sshd[5019]: error: Could not load host key: /etc/ssh/ssh_host_ecdsa_key
Oct 30 21:52:20 localhost sshd[5019]: Invalid user rumeno from 95.170.205.155
Oct 30 21:52:20 localhost sshd[5019]: input_userauth_request: invalid user rumeno [preauth]
Oct 30 21:52:20 localhost sshd[5019]: pam_unix(sshd:auth): check pass; user unknown
Oct 30 21:52:20 localhost sshd[5019]: pam_unix(sshd:auth): authentication failure; logname= uid=0 euid=0 tty=ssh ruser= rhost=95.170.205.155
Oct 30 21:52:23 localhost sshd[5019]: Failed password for invalid user rumeno from 95.170.205.155 port 37275 ssh2
Oct 30 21:52:23 localhost sshd[5019]: Received disconnect from 95.170.205.155: 11: Bye Bye [preauth]
Oct 30 21:52:23 localhost sshd[5021]: error: Could not load host key: /etc/ssh/ssh_host_dsa_key
Oct 30 21:52:23 localhost sshd[5021]: error: Could not load host key: /etc/ssh/ssh_host_ecdsa_key
Oct 30 21:52:25 localhost sshd[5021]: Invalid user it from 95.170.205.155
Oct 30 21:52:25 localhost sshd[5021]: input_userauth_request: invalid user it [preauth]
Oct 30 21:52:25 localhost sshd[5021]: pam_unix(sshd:auth): check pass; user unknown
Oct 30 21:52:25 localhost sshd[5021]: pam_unix(sshd:auth): authentication failure; logname= uid=0 euid=0 tty=ssh ruser= rhost=95.170.205.155
Oct 30 21:52:27 localhost sshd[5021]: Failed password for invalid user it from 95.170.205.155 port 38403 ssh2
Oct 30 21:52:27 localhost sshd[5021]: Received disconnect from 95.170.205.155: 11: Bye Bye [preauth]
Oct 30 21:52:28 localhost sshd[5023]: error: Could not load host key: /etc/ssh/ssh_host_dsa_key
Oct 30 21:52:28 localhost sshd[5023]: error: Could not load host key: /etc/ssh/ssh_host_ecdsa_key
Oct 30 21:52:29 localhost sshd[5023]: Invalid user samba from 95.170.205.155
Oct 30 21:52:29 localhost sshd[5023]: input_userauth_request: invalid user samba [preauth]
Oct 30 21:52:29 localhost sshd[5023]: pam_unix(sshd:auth): check pass; user unknown
Oct 30 21:52:29 localhost sshd[5023]: pam_unix(sshd:auth): authentication failure; logname= uid=0 euid=0 tty=ssh ruser= rhost=95.170.205.155
Oct 30 21:52:31 localhost sshd[5023]: Failed password for invalid user samba from 95.170.205.155 port 39460 ssh2
Oct 30 21:52:31 localhost sshd[5023]: Received disconnect from 95.170.205.155: 11: Bye Bye [preauth]
Oct 30 21:52:31 localhost sshd[5025]: error: Could not load host key: /etc/ssh/ssh_host_dsa_key
Oct 30 21:52:31 localhost sshd[5025]: error: Could not load host key: /etc/ssh/ssh_host_ecdsa_key
Oct 30 21:52:33 localhost sshd[5025]: Invalid user wwwrun from 95.170.205.155
Oct 30 21:52:33 localhost sshd[5025]: input_userauth_request: invalid user wwwrun [preauth]
Oct 30 21:52:33 localhost sshd[5025]: pam_unix(sshd:auth): check pass; user unknown
Oct 30 21:52:33 localhost sshd[5025]: pam_unix(sshd:auth): authentication failure; logname= uid=0 euid=0 tty=ssh ruser= rhost=95.170.205.155
Oct 30 21:52:35 localhost sshd[5025]: Failed password for invalid user wwwrun from 95.170.205.155 port 40364 ssh2
Oct 30 21:52:36 localhost sshd[5025]: Received disconnect from 95.170.205.155: 11: Bye Bye [preauth]
Oct 30 21:52:36 localhost sshd[5027]: error: Could not load host key: /etc/ssh/ssh_host_dsa_key
Oct 30 21:52:36 localhost sshd[5027]: error: Could not load host key: /etc/ssh/ssh_host_ecdsa_key
Oct 30 21:52:38 localhost sshd[5027]: Invalid user ldap from 95.170.205.155
Oct 30 21:52:38 localhost sshd[5027]: input_userauth_request: invalid user ldap [preauth]
Oct 30 21:52:38 localhost sshd[5027]: pam_unix(sshd:auth): check pass; user unknown
Oct 30 21:52:38 localhost sshd[5027]: pam_unix(sshd:auth): authentication failure; logname= uid=0 euid=0 tty=ssh ruser= rhost=95.170.205.155
Oct 30 21:52:39 localhost sshd[5027]: Failed password for invalid user ldap from 95.170.205.155 port 41465 ssh2
Oct 30 21:52:40 localhost sshd[5027]: Received disconnect from 95.170.205.155: 11: Bye Bye [preauth]
Oct 30 21:52:40 localhost sshd[5029]: error: Could not load host key: /etc/ssh/ssh_host_dsa_key
Oct 30 21:52:40 localhost sshd[5029]: error: Could not load host key: /etc/ssh/ssh_host_ecdsa_key
Oct 30 21:52:41 localhost sshd[5029]: Invalid user squid from 95.170.205.155
Oct 30 21:52:41 localhost sshd[5029]: input_userauth_request: invalid user squid [preauth]
Oct 30 21:52:41 localhost sshd[5029]: pam_unix(sshd:auth): check pass; user unknown
Oct 30 21:52:41 localhost sshd[5029]: pam_unix(sshd:auth): authentication failure; logname= uid=0 euid=0 tty=ssh ruser= rhost=95.170.205.155
Oct 30 21:52:43 localhost sshd[5029]: Failed password for invalid user squid from 95.170.205.155 port 42393 ssh2
Oct 30 21:52:43 localhost sshd[5029]: Received disconnect from 95.170.205.155: 11: Bye Bye [preauth]
Oct 30 21:52:43 localhost sshd[5031]: error: Could not load host key: /etc/ssh/ssh_host_dsa_key
Oct 30 21:52:43 localhost sshd[5031]: error: Could not load host key: /etc/ssh/ssh_host_ecdsa_key
Oct 30 21:52:45 localhost sshd[5031]: Invalid user news from 95.170.205.155
Oct 30 21:52:45 localhost sshd[5031]: input_userauth_request: invalid user news [preauth]
Oct 30 21:52:45 localhost sshd[5031]: pam_unix(sshd:auth): check pass; user unknown
Oct 30 21:52:45 localhost sshd[5031]: pam_unix(sshd:auth): authentication failure; logname= uid=0 euid=0 tty=ssh ruser= rhost=95.170.205.155
Oct 30 21:52:48 localhost sshd[5031]: Failed password for invalid user news from 95.170.205.155 port 43292 ssh2
Oct 30 21:52:48 localhost sshd[5031]: Received disconnect from 95.170.205.155: 11: Bye Bye [preauth]
Oct 30 21:52:48 localhost sshd[5033]: error: Could not load host key: /etc/ssh/ssh_host_dsa_key
Oct 30 21:52:48 localhost sshd[5033]: error: Could not load host key: /etc/ssh/ssh_host_ecdsa_key
Oct 30 21:52:50 localhost sshd[5033]: pam_unix(sshd:auth): authentication failure; logname= uid=0 euid=0 tty=ssh ruser= rhost=95.170.205.155  user=lp
Oct 30 21:52:50 localhost sshd[5033]: pam_succeed_if(sshd:auth): requirement "uid >= 1000" not met by user "lp"
Oct 30 21:52:52 localhost sshd[5033]: Failed password for lp from 95.170.205.155 port 44372 ssh2
Oct 30 21:52:52 localhost sshd[5033]: Received disconnect from 95.170.205.155: 11: Bye Bye [preauth]
Oct 30 21:52:52 localhost sshd[5036]: error: Could not load host key: /etc/ssh/ssh_host_dsa_key
Oct 30 21:52:52 localhost sshd[5036]: error: Could not load host key: /etc/ssh/ssh_host_ecdsa_key
Oct 30 21:52:54 localhost sshd[5036]: pam_unix(sshd:auth): authentication failure; logname= uid=0 euid=0 tty=ssh ruser= rhost=95.170.205.155  user=mail
Oct 30 21:52:54 localhost sshd[5036]: pam_succeed_if(sshd:auth): requirement "uid >= 1000" not met by user "mail"
Oct 30 21:52:55 localhost sshd[5036]: Failed password for mail from 95.170.205.155 port 45382 ssh2
Oct 30 21:52:55 localhost sshd[5036]: Received disconnect from 95.170.205.155: 11: Bye Bye [preauth]
Oct 30 21:52:56 localhost sshd[5039]: error: Could not load host key: /etc/ssh/ssh_host_dsa_key
Oct 30 21:52:56 localhost sshd[5039]: error: Could not load host key: /etc/ssh/ssh_host_ecdsa_key
Oct 30 21:52:57 localhost sshd[5039]: Invalid user yahoo from 95.170.205.155
Oct 30 21:52:57 localhost sshd[5039]: input_userauth_request: invalid user yahoo [preauth]
Oct 30 21:52:57 localhost sshd[5039]: pam_unix(sshd:auth): check pass; user unknown
Oct 30 21:52:57 localhost sshd[5039]: pam_unix(sshd:auth): authentication failure; logname= uid=0 euid=0 tty=ssh ruser= rhost=95.170.205.155
Oct 30 21:53:00 localhost sshd[5039]: Failed password for invalid user yahoo from 95.170.205.155 port 46214 ssh2
Oct 30 21:53:00 localhost sshd[5039]: Received disconnect from 95.170.205.155: 11: Bye Bye [preauth]
Oct 30 21:53:00 localhost sshd[5041]: error: Could not load host key: /etc/ssh/ssh_host_dsa_key
Oct 30 21:53:00 localhost sshd[5041]: error: Could not load host key: /etc/ssh/ssh_host_ecdsa_key
Oct 30 21:53:02 localhost sshd[5041]: pam_unix(sshd:auth): authentication failure; logname= uid=0 euid=0 tty=ssh ruser= rhost=95.170.205.155  user=bin
Oct 30 21:53:02 localhost sshd[5041]: pam_succeed_if(sshd:auth): requirement "uid >= 1000" not met by user "bin"
Oct 30 21:53:04 localhost sshd[5041]: Failed password for bin from 95.170.205.155 port 47307 ssh2
Oct 30 21:53:04 localhost sshd[5041]: Received disconnect from 95.170.205.155: 11: Bye Bye [preauth]
Oct 30 21:53:04 localhost sshd[5044]: error: Could not load host key: /etc/ssh/ssh_host_dsa_key
Oct 30 21:53:04 localhost sshd[5044]: error: Could not load host key: /etc/ssh/ssh_host_ecdsa_key
Oct 30 21:53:06 localhost sshd[5044]: Invalid user postfix from 95.170.205.155
Oct 30 21:53:06 localhost sshd[5044]: input_userauth_request: invalid user postfix [preauth]
Oct 30 21:53:06 localhost sshd[5044]: pam_unix(sshd:auth): check pass; user unknown
Oct 30 21:53:06 localhost sshd[5044]: pam_unix(sshd:auth): authentication failure; logname= uid=0 euid=0 tty=ssh ruser= rhost=95.170.205.155
Oct 30 21:53:08 localhost sshd[5044]: Failed password for invalid user postfix from 95.170.205.155 port 48310 ssh2
Oct 30 21:53:08 localhost sshd[5044]: Received disconnect from 95.170.205.155: 11: Bye Bye [preauth]
Oct 30 21:53:08 localhost sshd[5046]: error: Could not load host key: /etc/ssh/ssh_host_dsa_key
Oct 30 21:53:08 localhost sshd[5046]: error: Could not load host key: /etc/ssh/ssh_host_ecdsa_key
Oct 30 21:53:10 localhost sshd[5046]: Invalid user mailman from 95.170.205.155
Oct 30 21:53:10 localhost sshd[5046]: input_userauth_request: invalid user mailman [preauth]
Oct 30 21:53:10 localhost sshd[5046]: pam_unix(sshd:auth): check pass; user unknown
Oct 30 21:53:10 localhost sshd[5046]: pam_unix(sshd:auth): authentication failure; logname= uid=0 euid=0 tty=ssh ruser= rhost=95.170.205.155
Oct 30 21:53:13 localhost sshd[5046]: Failed password for invalid user mailman from 95.170.205.155 port 49204 ssh2
Oct 30 21:53:13 localhost sshd[5046]: Received disconnect from 95.170.205.155: 11: Bye Bye [preauth]
Oct 30 21:53:13 localhost sshd[5048]: error: Could not load host key: /etc/ssh/ssh_host_dsa_key
Oct 30 21:53:13 localhost sshd[5048]: error: Could not load host key: /etc/ssh/ssh_host_ecdsa_key
Oct 30 21:53:15 localhost sshd[5048]: Invalid user kathi from 95.170.205.155
Oct 30 21:53:15 localhost sshd[5048]: input_userauth_request: invalid user kathi [preauth]
Oct 30 21:53:15 localhost sshd[5048]: pam_unix(sshd:auth): check pass; user unknown
Oct 30 21:53:15 localhost sshd[5048]: pam_unix(sshd:auth): authentication failure; logname= uid=0 euid=0 tty=ssh ruser= rhost=95.170.205.155
Oct 30 21:53:17 localhost sshd[5048]: Failed password for invalid user kathi from 95.170.205.155 port 50390 ssh2
Oct 30 21:53:17 localhost sshd[5048]: Received disconnect from 95.170.205.155: 11: Bye Bye [preauth]
Oct 30 21:53:17 localhost sshd[5050]: error: Could not load host key: /etc/ssh/ssh_host_dsa_key
Oct 30 21:53:17 localhost sshd[5050]: error: Could not load host key: /etc/ssh/ssh_host_ecdsa_key
Oct 30 21:53:19 localhost sshd[5050]: Invalid user at from 95.170.205.155
Oct 30 21:53:19 localhost sshd[5050]: input_userauth_request: invalid user at [preauth]
Oct 30 21:53:19 localhost sshd[5050]: pam_unix(sshd:auth): check pass; user unknown
Oct 30 21:53:19 localhost sshd[5050]: pam_unix(sshd:auth): authentication failure; logname= uid=0 euid=0 tty=ssh ruser= rhost=95.170.205.155
Oct 30 21:53:21 localhost sshd[5050]: Failed password for invalid user at from 95.170.205.155 port 51364 ssh2
Oct 30 21:53:22 localhost sshd[5050]: Received disconnect from 95.170.205.155: 11: Bye Bye [preauth]
Oct 30 21:53:22 localhost sshd[5053]: error: Could not load host key: /etc/ssh/ssh_host_dsa_key
Oct 30 21:53:22 localhost sshd[5053]: error: Could not load host key: /etc/ssh/ssh_host_ecdsa_key
Oct 30 21:53:23 localhost sshd[5053]: Invalid user cgi from 95.170.205.155
Oct 30 21:53:23 localhost sshd[5053]: input_userauth_request: invalid user cgi [preauth]
Oct 30 21:53:23 localhost sshd[5053]: pam_unix(sshd:auth): check pass; user unknown
Oct 30 21:53:23 localhost sshd[5053]: pam_unix(sshd:auth): authentication failure; logname= uid=0 euid=0 tty=ssh ruser= rhost=95.170.205.155
Oct 30 21:53:25 localhost sshd[5053]: Failed password for invalid user cgi from 95.170.205.155 port 52855 ssh2
Oct 30 21:53:25 localhost sshd[5053]: Received disconnect from 95.170.205.155: 11: Bye Bye [preauth]
Oct 30 21:53:26 localhost sshd[5055]: error: Could not load host key: /etc/ssh/ssh_host_dsa_key
Oct 30 21:53:26 localhost sshd[5055]: error: Could not load host key: /etc/ssh/ssh_host_ecdsa_key
Oct 30 21:53:27 localhost sshd[5055]: Invalid user kayten from 95.170.205.155
Oct 30 21:53:27 localhost sshd[5055]: input_userauth_request: invalid user kayten [preauth]
Oct 30 21:53:27 localhost sshd[5055]: pam_unix(sshd:auth): check pass; user unknown
Oct 30 21:53:27 localhost sshd[5055]: pam_unix(sshd:auth): authentication failure; logname= uid=0 euid=0 tty=ssh ruser= rhost=95.170.205.155
Oct 30 21:53:29 localhost sshd[5055]: Failed password for invalid user kayten from 95.170.205.155 port 53773 ssh2
Oct 30 21:53:29 localhost sshd[5055]: Received disconnect from 95.170.205.155: 11: Bye Bye [preauth]
Oct 30 21:53:30 localhost sshd[5057]: error: Could not load host key: /etc/ssh/ssh_host_dsa_key
Oct 30 21:53:30 localhost sshd[5057]: error: Could not load host key: /etc/ssh/ssh_host_ecdsa_key
Oct 30 21:53:31 localhost sshd[5057]: Invalid user unseen from 95.170.205.155
Oct 30 21:53:31 localhost sshd[5057]: input_userauth_request: invalid user unseen [preauth]
Oct 30 21:53:31 localhost sshd[5057]: pam_unix(sshd:auth): check pass; user unknown
Oct 30 21:53:31 localhost sshd[5057]: pam_unix(sshd:auth): authentication failure; logname= uid=0 euid=0 tty=ssh ruser= rhost=95.170.205.155
Oct 30 21:53:33 localhost sshd[5057]: Failed password for invalid user unseen from 95.170.205.155 port 54709 ssh2
Oct 30 21:53:33 localhost sshd[5057]: Received disconnect from 95.170.205.155: 11: Bye Bye [preauth]
Oct 30 21:53:34 localhost sshd[5059]: error: Could not load host key: /etc/ssh/ssh_host_dsa_key
Oct 30 21:53:34 localhost sshd[5059]: error: Could not load host key: /etc/ssh/ssh_host_ecdsa_key
Oct 30 21:53:35 localhost sshd[5059]: Invalid user sabin from 95.170.205.155
Oct 30 21:53:35 localhost sshd[5059]: input_userauth_request: invalid user sabin [preauth]
Oct 30 21:53:35 localhost sshd[5059]: pam_unix(sshd:auth): check pass; user unknown
Oct 30 21:53:35 localhost sshd[5059]: pam_unix(sshd:auth): authentication failure; logname= uid=0 euid=0 tty=ssh ruser= rhost=95.170.205.155
Oct 30 21:53:37 localhost sshd[5059]: Failed password for invalid user sabin from 95.170.205.155 port 55704 ssh2
Oct 30 21:53:37 localhost sshd[5059]: Received disconnect from 95.170.205.155: 11: Bye Bye [preauth]
Oct 30 21:53:38 localhost sshd[5061]: error: Could not load host key: /etc/ssh/ssh_host_dsa_key
Oct 30 21:53:38 localhost sshd[5061]: error: Could not load host key: /etc/ssh/ssh_host_ecdsa_key
Oct 30 21:53:39 localhost sshd[5061]: Invalid user undernet from 95.170.205.155
Oct 30 21:53:39 localhost sshd[5061]: input_userauth_request: invalid user undernet [preauth]
Oct 30 21:53:39 localhost sshd[5061]: pam_unix(sshd:auth): check pass; user unknown
Oct 30 21:53:39 localhost sshd[5061]: pam_unix(sshd:auth): authentication failure; logname= uid=0 euid=0 tty=ssh ruser= rhost=95.170.205.155
Oct 30 21:53:41 localhost sshd[5063]: error: Could not load host key: /etc/ssh/ssh_host_dsa_key
Oct 30 21:53:41 localhost sshd[5063]: error: Could not load host key: /etc/ssh/ssh_host_ecdsa_key
Oct 30 21:53:41 localhost sshd[5061]: Failed password for invalid user undernet from 95.170.205.155 port 56629 ssh2
Oct 30 21:53:41 localhost sshd[5061]: Received disconnect from 95.170.205.155: 11: Bye Bye [preauth]
Oct 30 21:53:41 localhost sshd[5065]: error: Could not load host key: /etc/ssh/ssh_host_dsa_key
Oct 30 21:53:41 localhost sshd[5065]: error: Could not load host key: /etc/ssh/ssh_host_ecdsa_key
Oct 30 21:53:43 localhost sshd[5063]: pam_unix(sshd:auth): authentication failure; logname= uid=0 euid=0 tty=ssh ruser= rhost=218.2.0.137  user=root
Oct 30 21:53:43 localhost sshd[5063]: pam_succeed_if(sshd:auth): requirement "uid >= 1000" not met by user "root"
Oct 30 21:53:43 localhost sshd[5065]: Invalid user commando from 95.170.205.155
Oct 30 21:53:43 localhost sshd[5065]: input_userauth_request: invalid user commando [preauth]
Oct 30 21:53:43 localhost sshd[5065]: pam_unix(sshd:auth): check pass; user unknown
Oct 30 21:53:43 localhost sshd[5065]: pam_unix(sshd:auth): authentication failure; logname= uid=0 euid=0 tty=ssh ruser= rhost=95.170.205.155
Oct 30 21:53:45 localhost sshd[5063]: Failed password for root from 218.2.0.137 port 30228 ssh2
Oct 30 21:53:45 localhost sshd[5063]: pam_succeed_if(sshd:auth): requirement "uid >= 1000" not met by user "root"
Oct 30 21:53:45 localhost sshd[5065]: Failed password for invalid user commando from 95.170.205.155 port 57560 ssh2
Oct 30 21:53:45 localhost sshd[5065]: Received disconnect from 95.170.205.155: 11: Bye Bye [preauth]
Oct 30 21:53:46 localhost sshd[5069]: error: Could not load host key: /etc/ssh/ssh_host_dsa_key
Oct 30 21:53:46 localhost sshd[5069]: error: Could not load host key: /etc/ssh/ssh_host_ecdsa_key
Oct 30 21:53:47 localhost sshd[5063]: Failed password for root from 218.2.0.137 port 30228 ssh2
Oct 30 21:53:47 localhost sshd[5069]: Invalid user sh from 95.170.205.155
Oct 30 21:53:47 localhost sshd[5069]: input_userauth_request: invalid user sh [preauth]
Oct 30 21:53:47 localhost sshd[5069]: pam_unix(sshd:auth): check pass; user unknown
Oct 30 21:53:47 localhost sshd[5069]: pam_unix(sshd:auth): authentication failure; logname= uid=0 euid=0 tty=ssh ruser= rhost=95.170.205.155
Oct 30 21:53:47 localhost sshd[5063]: pam_succeed_if(sshd:auth): requirement "uid >= 1000" not met by user "root"
Oct 30 21:53:48 localhost sshd[5069]: Failed password for invalid user sh from 95.170.205.155 port 58565 ssh2
Oct 30 21:53:49 localhost sshd[5063]: Failed password for root from 218.2.0.137 port 30228 ssh2
Oct 30 21:53:49 localhost sshd[5069]: Received disconnect from 95.170.205.155: 11: Bye Bye [preauth]
Oct 30 21:53:49 localhost sshd[5063]: pam_succeed_if(sshd:auth): requirement "uid >= 1000" not met by user "root"
Oct 30 21:53:49 localhost sshd[5073]: error: Could not load host key: /etc/ssh/ssh_host_dsa_key
Oct 30 21:53:49 localhost sshd[5073]: error: Could not load host key: /etc/ssh/ssh_host_ecdsa_key
Oct 30 21:53:51 localhost sshd[5073]: Invalid user bash from 95.170.205.155
Oct 30 21:53:51 localhost sshd[5073]: input_userauth_request: invalid user bash [preauth]
Oct 30 21:53:51 localhost sshd[5073]: pam_unix(sshd:auth): check pass; user unknown
Oct 30 21:53:51 localhost sshd[5073]: pam_unix(sshd:auth): authentication failure; logname= uid=0 euid=0 tty=ssh ruser= rhost=95.170.205.155
Oct 30 21:53:51 localhost sshd[5063]: Failed password for root from 218.2.0.137 port 30228 ssh2
Oct 30 21:53:51 localhost sshd[5063]: pam_succeed_if(sshd:auth): requirement "uid >= 1000" not met by user "root"
Oct 30 21:53:52 localhost sshd[5073]: Failed password for invalid user bash from 95.170.205.155 port 59393 ssh2
Oct 30 21:53:53 localhost sshd[5073]: Received disconnect from 95.170.205.155: 11: Bye Bye [preauth]
Oct 30 21:53:53 localhost sshd[5076]: error: Could not load host key: /etc/ssh/ssh_host_dsa_key
Oct 30 21:53:53 localhost sshd[5076]: error: Could not load host key: /etc/ssh/ssh_host_ecdsa_key
Oct 30 21:53:53 localhost sshd[5063]: Failed password for root from 218.2.0.137 port 30228 ssh2
Oct 30 21:53:53 localhost sshd[5063]: pam_succeed_if(sshd:auth): requirement "uid >= 1000" not met by user "root"
Oct 30 21:53:55 localhost sshd[5076]: Invalid user copy from 95.170.205.155
Oct 30 21:53:55 localhost sshd[5076]: input_userauth_request: invalid user copy [preauth]
Oct 30 21:53:55 localhost sshd[5076]: pam_unix(sshd:auth): check pass; user unknown
Oct 30 21:53:55 localhost sshd[5076]: pam_unix(sshd:auth): authentication failure; logname= uid=0 euid=0 tty=ssh ruser= rhost=95.170.205.155
Oct 30 21:53:55 localhost sshd[5063]: Failed password for root from 218.2.0.137 port 30228 ssh2
Oct 30 21:53:55 localhost sshd[5063]: Disconnecting: Too many authentication failures for root [preauth]
Oct 30 21:53:55 localhost sshd[5063]: PAM 5 more authentication failures; logname= uid=0 euid=0 tty=ssh ruser= rhost=218.2.0.137  user=root
Oct 30 21:53:55 localhost sshd[5063]: PAM service(sshd) ignoring max retries; 6 > 3
Oct 30 21:53:55 localhost sshd[5079]: error: Could not load host key: /etc/ssh/ssh_host_dsa_key
Oct 30 21:53:55 localhost sshd[5079]: error: Could not load host key: /etc/ssh/ssh_host_ecdsa_key
Oct 30 21:53:57 localhost sshd[5076]: Failed password for invalid user copy from 95.170.205.155 port 60315 ssh2
Oct 30 21:53:57 localhost sshd[5076]: Received disconnect from 95.170.205.155: 11: Bye Bye [preauth]
Oct 30 21:53:57 localhost sshd[5081]: error: Could not load host key: /etc/ssh/ssh_host_dsa_key
Oct 30 21:53:57 localhost sshd[5081]: error: Could not load host key: /etc/ssh/ssh_host_ecdsa_key
Oct 30 21:53:57 localhost sshd[5079]: pam_unix(sshd:auth): authentication failure; logname= uid=0 euid=0 tty=ssh ruser= rhost=218.2.0.137  user=root
Oct 30 21:53:57 localhost sshd[5079]: pam_succeed_if(sshd:auth): requirement "uid >= 1000" not met by user "root"
Oct 30 21:53:59 localhost sshd[5081]: Invalid user help from 95.170.205.155
Oct 30 21:53:59 localhost sshd[5081]: input_userauth_request: invalid user help [preauth]
Oct 30 21:53:59 localhost sshd[5081]: pam_unix(sshd:auth): check pass; user unknown
Oct 30 21:53:59 localhost sshd[5081]: pam_unix(sshd:auth): authentication failure; logname= uid=0 euid=0 tty=ssh ruser= rhost=95.170.205.155
Oct 30 21:53:59 localhost sshd[5079]: Failed password for root from 218.2.0.137 port 33585 ssh2
Oct 30 21:54:00 localhost sshd[5079]: pam_succeed_if(sshd:auth): requirement "uid >= 1000" not met by user "root"
Oct 30 21:54:01 localhost sshd[5081]: Failed password for invalid user help from 95.170.205.155 port 33078 ssh2
Oct 30 21:54:01 localhost sshd[5081]: Received disconnect from 95.170.205.155: 11: Bye Bye [preauth]
Oct 30 21:54:01 localhost sshd[5079]: Failed password for root from 218.2.0.137 port 33585 ssh2
Oct 30 21:54:01 localhost sshd[5085]: error: Could not load host key: /etc/ssh/ssh_host_dsa_key
Oct 30 21:54:01 localhost sshd[5085]: error: Could not load host key: /etc/ssh/ssh_host_ecdsa_key
Oct 30 21:54:01 localhost sshd[5079]: pam_succeed_if(sshd:auth): requirement "uid >= 1000" not met by user "root"
Oct 30 21:54:02 localhost sshd[5088]: error: Could not load host key: /etc/ssh/ssh_host_dsa_key
Oct 30 21:54:02 localhost sshd[5088]: error: Could not load host key: /etc/ssh/ssh_host_ecdsa_key
Oct 30 21:54:03 localhost sshd[5085]: Invalid user flopy from 95.170.205.155
Oct 30 21:54:03 localhost sshd[5085]: input_userauth_request: invalid user flopy [preauth]
Oct 30 21:54:03 localhost sshd[5085]: pam_unix(sshd:auth): check pass; user unknown
Oct 30 21:54:03 localhost sshd[5085]: pam_unix(sshd:auth): authentication failure; logname= uid=0 euid=0 tty=ssh ruser= rhost=95.170.205.155
Oct 30 21:54:03 localhost sshd[5079]: Failed password for root from 218.2.0.137 port 33585 ssh2
Oct 30 21:54:04 localhost sshd[5079]: pam_succeed_if(sshd:auth): requirement "uid >= 1000" not met by user "root"
Oct 30 21:54:04 localhost sshd[5088]: pam_unix(sshd:auth): authentication failure; logname= uid=0 euid=0 tty=ssh ruser= rhost=218.2.0.137  user=root
Oct 30 21:54:04 localhost sshd[5088]: pam_succeed_if(sshd:auth): requirement "uid >= 1000" not met by user "root"
Oct 30 21:54:05 localhost sshd[5085]: Failed password for invalid user flopy from 95.170.205.155 port 34042 ssh2
Oct 30 21:54:05 localhost sshd[5085]: Received disconnect from 95.170.205.155: 11: Bye Bye [preauth]
Oct 30 21:54:05 localhost sshd[5092]: error: Could not load host key: /etc/ssh/ssh_host_dsa_key
Oct 30 21:54:05 localhost sshd[5092]: error: Could not load host key: /etc/ssh/ssh_host_ecdsa_key
Oct 30 21:54:06 localhost sshd[5079]: Failed password for root from 218.2.0.137 port 33585 ssh2
Oct 30 21:54:06 localhost sshd[5079]: pam_succeed_if(sshd:auth): requirement "uid >= 1000" not met by user "root"
Oct 30 21:54:06 localhost sshd[5088]: Failed password for root from 218.2.0.137 port 35421 ssh2
Oct 30 21:54:07 localhost sshd[5088]: pam_succeed_if(sshd:auth): requirement "uid >= 1000" not met by user "root"
Oct 30 21:54:07 localhost sshd[5092]: Invalid user nicole from 95.170.205.155
Oct 30 21:54:07 localhost sshd[5092]: input_userauth_request: invalid user nicole [preauth]
Oct 30 21:54:07 localhost sshd[5092]: pam_unix(sshd:auth): check pass; user unknown
Oct 30 21:54:07 localhost sshd[5092]: pam_unix(sshd:auth): authentication failure; logname= uid=0 euid=0 tty=ssh ruser= rhost=95.170.205.155
Oct 30 21:54:08 localhost sshd[5079]: Failed password for root from 218.2.0.137 port 33585 ssh2
Oct 30 21:54:08 localhost sshd[5088]: Failed password for root from 218.2.0.137 port 35421 ssh2
Oct 30 21:54:08 localhost sshd[5079]: pam_succeed_if(sshd:auth): requirement "uid >= 1000" not met by user "root"
Oct 30 21:54:09 localhost sshd[5088]: pam_succeed_if(sshd:auth): requirement "uid >= 1000" not met by user "root"
Oct 30 21:54:09 localhost sshd[5092]: Failed password for invalid user nicole from 95.170.205.155 port 35082 ssh2
Oct 30 21:54:09 localhost sshd[5092]: Received disconnect from 95.170.205.155: 11: Bye Bye [preauth]
Oct 30 21:54:09 localhost sshd[5098]: error: Could not load host key: /etc/ssh/ssh_host_dsa_key
Oct 30 21:54:09 localhost sshd[5098]: error: Could not load host key: /etc/ssh/ssh_host_ecdsa_key
Oct 30 21:54:10 localhost sshd[5079]: Failed password for root from 218.2.0.137 port 33585 ssh2
Oct 30 21:54:10 localhost sshd[5079]: Disconnecting: Too many authentication failures for root [preauth]
Oct 30 21:54:10 localhost sshd[5079]: PAM 5 more authentication failures; logname= uid=0 euid=0 tty=ssh ruser= rhost=218.2.0.137  user=root
Oct 30 21:54:10 localhost sshd[5079]: PAM service(sshd) ignoring max retries; 6 > 3
Oct 30 21:54:10 localhost sshd[5088]: Failed password for root from 218.2.0.137 port 35421 ssh2
Oct 30 21:54:11 localhost sshd[5088]: pam_succeed_if(sshd:auth): requirement "uid >= 1000" not met by user "root"
Oct 30 21:54:11 localhost sshd[5098]: Invalid user send from 95.170.205.155
Oct 30 21:54:11 localhost sshd[5098]: input_userauth_request: invalid user send [preauth]
Oct 30 21:54:11 localhost sshd[5098]: pam_unix(sshd:auth): check pass; user unknown
Oct 30 21:54:11 localhost sshd[5098]: pam_unix(sshd:auth): authentication failure; logname= uid=0 euid=0 tty=ssh ruser= rhost=95.170.205.155
Oct 30 21:54:11 localhost sshd[5101]: error: Could not load host key: /etc/ssh/ssh_host_dsa_key
Oct 30 21:54:11 localhost sshd[5101]: error: Could not load host key: /etc/ssh/ssh_host_ecdsa_key
Oct 30 21:54:13 localhost sshd[5088]: Failed password for root from 218.2.0.137 port 35421 ssh2
Oct 30 21:54:13 localhost sshd[5098]: Failed password for invalid user send from 95.170.205.155 port 36036 ssh2
Oct 30 21:54:13 localhost sshd[5088]: pam_succeed_if(sshd:auth): requirement "uid >= 1000" not met by user "root"
Oct 30 21:54:13 localhost sshd[5098]: Received disconnect from 95.170.205.155: 11: Bye Bye [preauth]
Oct 30 21:54:13 localhost sshd[5101]: pam_unix(sshd:auth): authentication failure; logname= uid=0 euid=0 tty=ssh ruser= rhost=218.2.0.137  user=root
Oct 30 21:54:13 localhost sshd[5101]: pam_succeed_if(sshd:auth): requirement "uid >= 1000" not met by user "root"
Oct 30 21:54:13 localhost sshd[5105]: error: Could not load host key: /etc/ssh/ssh_host_dsa_key
Oct 30 21:54:13 localhost sshd[5105]: error: Could not load host key: /etc/ssh/ssh_host_ecdsa_key
Oct 30 21:54:15 localhost sshd[5088]: Failed password for root from 218.2.0.137 port 35421 ssh2
Oct 30 21:54:15 localhost sshd[5101]: Failed password for root from 218.2.0.137 port 40831 ssh2
Oct 30 21:54:15 localhost sshd[5105]: Invalid user kernel from 95.170.205.155
Oct 30 21:54:15 localhost sshd[5105]: input_userauth_request: invalid user kernel [preauth]
Oct 30 21:54:15 localhost sshd[5105]: pam_unix(sshd:auth): check pass; user unknown
Oct 30 21:54:15 localhost sshd[5105]: pam_unix(sshd:auth): authentication failure; logname= uid=0 euid=0 tty=ssh ruser= rhost=95.170.205.155
Oct 30 21:54:15 localhost sshd[5088]: pam_succeed_if(sshd:auth): requirement "uid >= 1000" not met by user "root"
Oct 30 21:54:15 localhost sshd[5101]: pam_succeed_if(sshd:auth): requirement "uid >= 1000" not met by user "root"
Oct 30 21:54:17 localhost sshd[5105]: Failed password for invalid user kernel from 95.170.205.155 port 36991 ssh2
Oct 30 21:54:17 localhost sshd[5088]: Failed password for root from 218.2.0.137 port 35421 ssh2
Oct 30 21:54:17 localhost sshd[5088]: Disconnecting: Too many authentication failures for root [preauth]
Oct 30 21:54:17 localhost sshd[5088]: PAM 5 more authentication failures; logname= uid=0 euid=0 tty=ssh ruser= rhost=218.2.0.137  user=root
Oct 30 21:54:17 localhost sshd[5088]: PAM service(sshd) ignoring max retries; 6 > 3
Oct 30 21:54:17 localhost sshd[5105]: Received disconnect from 95.170.205.155: 11: Bye Bye [preauth]
Oct 30 21:54:17 localhost sshd[5101]: Failed password for root from 218.2.0.137 port 40831 ssh2
Oct 30 21:54:18 localhost sshd[5109]: error: Could not load host key: /etc/ssh/ssh_host_dsa_key
Oct 30 21:54:18 localhost sshd[5109]: error: Could not load host key: /etc/ssh/ssh_host_ecdsa_key
Oct 30 21:54:18 localhost sshd[5101]: pam_succeed_if(sshd:auth): requirement "uid >= 1000" not met by user "root"
Oct 30 21:54:18 localhost sshd[5112]: error: Could not load host key: /etc/ssh/ssh_host_dsa_key
Oct 30 21:54:18 localhost sshd[5112]: error: Could not load host key: /etc/ssh/ssh_host_ecdsa_key
Oct 30 21:54:19 localhost sshd[5101]: Failed password for root from 218.2.0.137 port 40831 ssh2
Oct 30 21:54:19 localhost sshd[5109]: Invalid user address from 95.170.205.155
Oct 30 21:54:19 localhost sshd[5109]: input_userauth_request: invalid user address [preauth]
Oct 30 21:54:19 localhost sshd[5109]: pam_unix(sshd:auth): check pass; user unknown
Oct 30 21:54:19 localhost sshd[5109]: pam_unix(sshd:auth): authentication failure; logname= uid=0 euid=0 tty=ssh ruser= rhost=95.170.205.155
Oct 30 21:54:19 localhost sshd[5101]: pam_succeed_if(sshd:auth): requirement "uid >= 1000" not met by user "root"
Oct 30 21:54:21 localhost sshd[5109]: Failed password for invalid user address from 95.170.205.155 port 38016 ssh2
Oct 30 21:54:21 localhost sshd[5109]: Received disconnect from 95.170.205.155: 11: Bye Bye [preauth]
Oct 30 21:54:21 localhost sshd[5101]: Failed password for root from 218.2.0.137 port 40831 ssh2
Oct 30 21:54:21 localhost sshd[5115]: error: Could not load host key: /etc/ssh/ssh_host_dsa_key
Oct 30 21:54:21 localhost sshd[5115]: error: Could not load host key: /etc/ssh/ssh_host_ecdsa_key
Oct 30 21:54:21 localhost sshd[5101]: pam_succeed_if(sshd:auth): requirement "uid >= 1000" not met by user "root"
Oct 30 21:54:22 localhost sshd[5112]: pam_unix(sshd:auth): authentication failure; logname= uid=0 euid=0 tty=ssh ruser= rhost=218.2.0.137  user=root
Oct 30 21:54:22 localhost sshd[5112]: pam_succeed_if(sshd:auth): requirement "uid >= 1000" not met by user "root"
Oct 30 21:54:23 localhost sshd[5115]: Invalid user not from 95.170.205.155
Oct 30 21:54:23 localhost sshd[5115]: input_userauth_request: invalid user not [preauth]
Oct 30 21:54:23 localhost sshd[5115]: pam_unix(sshd:auth): check pass; user unknown
Oct 30 21:54:23 localhost sshd[5115]: pam_unix(sshd:auth): authentication failure; logname= uid=0 euid=0 tty=ssh ruser= rhost=95.170.205.155
Oct 30 21:54:23 localhost sshd[5101]: Failed password for root from 218.2.0.137 port 40831 ssh2
Oct 30 21:54:24 localhost sshd[5101]: pam_succeed_if(sshd:auth): requirement "uid >= 1000" not met by user "root"
Oct 30 21:54:25 localhost sshd[5112]: Failed password for root from 218.2.0.137 port 43592 ssh2
Oct 30 21:54:25 localhost sshd[5115]: Failed password for invalid user not from 95.170.205.155 port 38927 ssh2
Oct 30 21:54:25 localhost sshd[5112]: pam_succeed_if(sshd:auth): requirement "uid >= 1000" not met by user "root"
Oct 30 21:54:25 localhost sshd[5115]: Received disconnect from 95.170.205.155: 11: Bye Bye [preauth]
Oct 30 21:54:25 localhost sshd[5121]: error: Could not load host key: /etc/ssh/ssh_host_dsa_key
Oct 30 21:54:25 localhost sshd[5121]: error: Could not load host key: /etc/ssh/ssh_host_ecdsa_key
Oct 30 21:54:25 localhost sshd[5101]: Failed password for root from 218.2.0.137 port 40831 ssh2
Oct 30 21:54:25 localhost sshd[5101]: Disconnecting: Too many authentication failures for root [preauth]
Oct 30 21:54:25 localhost sshd[5101]: PAM 5 more authentication failures; logname= uid=0 euid=0 tty=ssh ruser= rhost=218.2.0.137  user=root
Oct 30 21:54:25 localhost sshd[5101]: PAM service(sshd) ignoring max retries; 6 > 3
Oct 30 21:54:26 localhost sshd[5123]: error: Could not load host key: /etc/ssh/ssh_host_dsa_key
Oct 30 21:54:26 localhost sshd[5123]: error: Could not load host key: /etc/ssh/ssh_host_ecdsa_key
Oct 30 21:54:26 localhost sshd[5112]: Failed password for root from 218.2.0.137 port 43592 ssh2
Oct 30 21:54:27 localhost sshd[5112]: pam_succeed_if(sshd:auth): requirement "uid >= 1000" not met by user "root"
Oct 30 21:54:27 localhost sshd[5121]: Invalid user to from 95.170.205.155
Oct 30 21:54:27 localhost sshd[5121]: input_userauth_request: invalid user to [preauth]
Oct 30 21:54:27 localhost sshd[5121]: pam_unix(sshd:auth): check pass; user unknown
Oct 30 21:54:27 localhost sshd[5121]: pam_unix(sshd:auth): authentication failure; logname= uid=0 euid=0 tty=ssh ruser= rhost=95.170.205.155
Oct 30 21:54:28 localhost sshd[5123]: pam_unix(sshd:auth): authentication failure; logname= uid=0 euid=0 tty=ssh ruser= rhost=218.2.0.137  user=root
Oct 30 21:54:28 localhost sshd[5123]: pam_succeed_if(sshd:auth): requirement "uid >= 1000" not met by user "root"
Oct 30 21:54:29 localhost sshd[5112]: Failed password for root from 218.2.0.137 port 43592 ssh2
Oct 30 21:54:29 localhost sshd[5121]: Failed password for invalid user to from 95.170.205.155 port 39885 ssh2
Oct 30 21:54:29 localhost sshd[5112]: pam_succeed_if(sshd:auth): requirement "uid >= 1000" not met by user "root"
Oct 30 21:54:29 localhost sshd[5121]: Received disconnect from 95.170.205.155: 11: Bye Bye [preauth]
Oct 30 21:54:29 localhost sshd[5128]: error: Could not load host key: /etc/ssh/ssh_host_dsa_key
Oct 30 21:54:29 localhost sshd[5128]: error: Could not load host key: /etc/ssh/ssh_host_ecdsa_key
Oct 30 21:54:30 localhost sshd[5123]: Failed password for root from 218.2.0.137 port 46808 ssh2
Oct 30 21:54:30 localhost sshd[5123]: pam_succeed_if(sshd:auth): requirement "uid >= 1000" not met by user "root"
Oct 30 21:54:31 localhost sshd[5112]: Failed password for root from 218.2.0.137 port 43592 ssh2
Oct 30 21:54:31 localhost sshd[5128]: Invalid user password from 95.170.205.155
Oct 30 21:54:31 localhost sshd[5128]: input_userauth_request: invalid user password [preauth]
Oct 30 21:54:31 localhost sshd[5128]: pam_unix(sshd:auth): check pass; user unknown
Oct 30 21:54:31 localhost sshd[5128]: pam_unix(sshd:auth): authentication failure; logname= uid=0 euid=0 tty=ssh ruser= rhost=95.170.205.155
Oct 30 21:54:31 localhost sshd[5112]: pam_succeed_if(sshd:auth): requirement "uid >= 1000" not met by user "root"
Oct 30 21:54:32 localhost sshd[5123]: Failed password for root from 218.2.0.137 port 46808 ssh2
Oct 30 21:54:32 localhost sshd[5123]: pam_succeed_if(sshd:auth): requirement "uid >= 1000" not met by user "root"
Oct 30 21:54:33 localhost sshd[5128]: Failed password for invalid user password from 95.170.205.155 port 40886 ssh2
Oct 30 21:54:33 localhost sshd[5112]: Failed password for root from 218.2.0.137 port 43592 ssh2
Oct 30 21:54:33 localhost sshd[5128]: Received disconnect from 95.170.205.155: 11: Bye Bye [preauth]
Oct 30 21:54:34 localhost sshd[5133]: error: Could not load host key: /etc/ssh/ssh_host_dsa_key
Oct 30 21:54:34 localhost sshd[5133]: error: Could not load host key: /etc/ssh/ssh_host_ecdsa_key
Oct 30 21:54:34 localhost sshd[5123]: Failed password for root from 218.2.0.137 port 46808 ssh2
Oct 30 21:54:35 localhost sshd[5123]: pam_succeed_if(sshd:auth): requirement "uid >= 1000" not met by user "root"
Oct 30 21:54:35 localhost sshd[5112]: pam_succeed_if(sshd:auth): requirement "uid >= 1000" not met by user "root"
Oct 30 21:54:35 localhost sshd[5133]: Invalid user denied from 95.170.205.155
Oct 30 21:54:35 localhost sshd[5133]: input_userauth_request: invalid user denied [preauth]
Oct 30 21:54:35 localhost sshd[5133]: pam_unix(sshd:auth): check pass; user unknown
Oct 30 21:54:35 localhost sshd[5133]: pam_unix(sshd:auth): authentication failure; logname= uid=0 euid=0 tty=ssh ruser= rhost=95.170.205.155
Oct 30 21:54:36 localhost sshd[5123]: Failed password for root from 218.2.0.137 port 46808 ssh2
Oct 30 21:54:37 localhost sshd[5112]: Failed password for root from 218.2.0.137 port 43592 ssh2
Oct 30 21:54:37 localhost sshd[5112]: Disconnecting: Too many authentication failures for root [preauth]
Oct 30 21:54:37 localhost sshd[5112]: PAM 5 more authentication failures; logname= uid=0 euid=0 tty=ssh ruser= rhost=218.2.0.137  user=root
Oct 30 21:54:37 localhost sshd[5112]: PAM service(sshd) ignoring max retries; 6 > 3
Oct 30 21:54:37 localhost sshd[5123]: pam_succeed_if(sshd:auth): requirement "uid >= 1000" not met by user "root"
Oct 30 21:54:37 localhost sshd[5133]: Failed password for invalid user denied from 95.170.205.155 port 41883 ssh2
Oct 30 21:54:37 localhost sshd[5138]: error: Could not load host key: /etc/ssh/ssh_host_dsa_key
Oct 30 21:54:37 localhost sshd[5138]: error: Could not load host key: /etc/ssh/ssh_host_ecdsa_key
Oct 30 21:54:38 localhost sshd[5123]: Failed password for root from 218.2.0.137 port 46808 ssh2
Oct 30 21:54:39 localhost sshd[5140]: error: Could not load host key: /etc/ssh/ssh_host_dsa_key
Oct 30 21:54:39 localhost sshd[5140]: error: Could not load host key: /etc/ssh/ssh_host_ecdsa_key
Oct 30 21:54:40 localhost sshd[5123]: pam_succeed_if(sshd:auth): requirement "uid >= 1000" not met by user "root"
Oct 30 21:54:41 localhost sshd[5138]: pam_unix(sshd:auth): authentication failure; logname= uid=0 euid=0 tty=ssh ruser= rhost=218.2.0.137  user=root
Oct 30 21:54:41 localhost sshd[5138]: pam_succeed_if(sshd:auth): requirement "uid >= 1000" not met by user "root"
Oct 30 21:54:42 localhost sshd[5140]: pam_unix(sshd:auth): authentication failure; logname= uid=0 euid=0 tty=ssh ruser= rhost=218.2.0.137  user=root
Oct 30 21:54:42 localhost sshd[5140]: pam_succeed_if(sshd:auth): requirement "uid >= 1000" not met by user "root"
Oct 30 21:54:42 localhost sshd[5123]: Failed password for root from 218.2.0.137 port 46808 ssh2
Oct 30 21:54:42 localhost sshd[5123]: Disconnecting: Too many authentication failures for root [preauth]
Oct 30 21:54:42 localhost sshd[5123]: PAM 5 more authentication failures; logname= uid=0 euid=0 tty=ssh ruser= rhost=218.2.0.137  user=root
Oct 30 21:54:42 localhost sshd[5123]: PAM service(sshd) ignoring max retries; 6 > 3
Oct 30 21:54:43 localhost sshd[5138]: Failed password for root from 218.2.0.137 port 51109 ssh2
Oct 30 21:54:43 localhost sshd[5145]: error: Could not load host key: /etc/ssh/ssh_host_dsa_key
Oct 30 21:54:43 localhost sshd[5145]: error: Could not load host key: /etc/ssh/ssh_host_ecdsa_key
Oct 30 21:54:43 localhost sshd[5138]: pam_succeed_if(sshd:auth): requirement "uid >= 1000" not met by user "root"
Oct 30 21:54:43 localhost sshd[5140]: Failed password for root from 218.2.0.137 port 51878 ssh2
Oct 30 21:54:44 localhost sshd[5140]: pam_succeed_if(sshd:auth): requirement "uid >= 1000" not met by user "root"
Oct 30 21:54:45 localhost sshd[5138]: Failed password for root from 218.2.0.137 port 51109 ssh2
Oct 30 21:54:45 localhost sshd[5145]: pam_unix(sshd:auth): authentication failure; logname= uid=0 euid=0 tty=ssh ruser= rhost=218.2.0.137  user=root
Oct 30 21:54:45 localhost sshd[5145]: pam_succeed_if(sshd:auth): requirement "uid >= 1000" not met by user "root"
Oct 30 21:54:45 localhost sshd[5138]: pam_succeed_if(sshd:auth): requirement "uid >= 1000" not met by user "root"
Oct 30 21:54:46 localhost sshd[5140]: Failed password for root from 218.2.0.137 port 51878 ssh2
Oct 30 21:54:47 localhost sshd[5145]: Failed password for root from 218.2.0.137 port 55256 ssh2
Oct 30 21:54:47 localhost sshd[5138]: Failed password for root from 218.2.0.137 port 51109 ssh2
Oct 30 21:54:47 localhost sshd[5145]: pam_succeed_if(sshd:auth): requirement "uid >= 1000" not met by user "root"
Oct 30 21:54:47 localhost sshd[5138]: pam_succeed_if(sshd:auth): requirement "uid >= 1000" not met by user "root"
Oct 30 21:54:48 localhost sshd[5140]: pam_succeed_if(sshd:auth): requirement "uid >= 1000" not met by user "root"
Oct 30 21:54:49 localhost sshd[5145]: Failed password for root from 218.2.0.137 port 55256 ssh2
Oct 30 21:54:49 localhost sshd[5138]: Failed password for root from 218.2.0.137 port 51109 ssh2
Oct 30 21:54:49 localhost sshd[5145]: pam_succeed_if(sshd:auth): requirement "uid >= 1000" not met by user "root"
Oct 30 21:54:49 localhost sshd[5140]: Failed password for root from 218.2.0.137 port 51878 ssh2
Oct 30 21:54:49 localhost sshd[5138]: pam_succeed_if(sshd:auth): requirement "uid >= 1000" not met by user "root"
Oct 30 21:54:50 localhost sshd[5140]: pam_succeed_if(sshd:auth): requirement "uid >= 1000" not met by user "root"
Oct 30 21:54:50 localhost sshd[5145]: Failed password for root from 218.2.0.137 port 55256 ssh2
Oct 30 21:54:51 localhost sshd[5138]: Failed password for root from 218.2.0.137 port 51109 ssh2
Oct 30 21:54:51 localhost sshd[5145]: pam_succeed_if(sshd:auth): requirement "uid >= 1000" not met by user "root"
Oct 30 21:54:51 localhost sshd[5138]: pam_succeed_if(sshd:auth): requirement "uid >= 1000" not met by user "root"
Oct 30 21:54:51 localhost sshd[5140]: Failed password for root from 218.2.0.137 port 51878 ssh2
Oct 30 21:54:52 localhost sshd[5140]: pam_succeed_if(sshd:auth): requirement "uid >= 1000" not met by user "root"
Oct 30 21:54:53 localhost sshd[5145]: Failed password for root from 218.2.0.137 port 55256 ssh2
Oct 30 21:54:53 localhost sshd[5138]: Failed password for root from 218.2.0.137 port 51109 ssh2
Oct 30 21:54:53 localhost sshd[5138]: Disconnecting: Too many authentication failures for root [preauth]
Oct 30 21:54:53 localhost sshd[5138]: PAM 5 more authentication failures; logname= uid=0 euid=0 tty=ssh ruser= rhost=218.2.0.137  user=root
Oct 30 21:54:53 localhost sshd[5138]: PAM service(sshd) ignoring max retries; 6 > 3
Oct 30 21:54:54 localhost sshd[5145]: pam_succeed_if(sshd:auth): requirement "uid >= 1000" not met by user "root"
Oct 30 21:54:54 localhost sshd[5140]: Failed password for root from 218.2.0.137 port 51878 ssh2
Oct 30 21:54:54 localhost sshd[5161]: error: Could not load host key: /etc/ssh/ssh_host_dsa_key
Oct 30 21:54:54 localhost sshd[5161]: error: Could not load host key: /etc/ssh/ssh_host_ecdsa_key
Oct 30 21:54:54 localhost sshd[5140]: pam_succeed_if(sshd:auth): requirement "uid >= 1000" not met by user "root"
Oct 30 21:54:55 localhost sshd[5145]: Failed password for root from 218.2.0.137 port 55256 ssh2
Oct 30 21:54:56 localhost sshd[5140]: Failed password for root from 218.2.0.137 port 51878 ssh2
Oct 30 21:54:56 localhost sshd[5140]: Disconnecting: Too many authentication failures for root [preauth]
Oct 30 21:54:56 localhost sshd[5140]: PAM 5 more authentication failures; logname= uid=0 euid=0 tty=ssh ruser= rhost=218.2.0.137  user=root
Oct 30 21:54:56 localhost sshd[5140]: PAM service(sshd) ignoring max retries; 6 > 3
Oct 30 21:54:56 localhost sshd[5145]: pam_succeed_if(sshd:auth): requirement "uid >= 1000" not met by user "root"
Oct 30 21:54:56 localhost sshd[5161]: pam_unix(sshd:auth): authentication failure; logname= uid=0 euid=0 tty=ssh ruser= rhost=218.2.0.137  user=root
Oct 30 21:54:56 localhost sshd[5161]: pam_succeed_if(sshd:auth): requirement "uid >= 1000" not met by user "root"
Oct 30 21:54:56 localhost sshd[5166]: error: Could not load host key: /etc/ssh/ssh_host_dsa_key
Oct 30 21:54:56 localhost sshd[5166]: error: Could not load host key: /etc/ssh/ssh_host_ecdsa_key
Oct 30 21:54:58 localhost sshd[5145]: Failed password for root from 218.2.0.137 port 55256 ssh2
Oct 30 21:54:58 localhost sshd[5145]: Disconnecting: Too many authentication failures for root [preauth]
Oct 30 21:54:58 localhost sshd[5145]: PAM 5 more authentication failures; logname= uid=0 euid=0 tty=ssh ruser= rhost=218.2.0.137  user=root
Oct 30 21:54:58 localhost sshd[5145]: PAM service(sshd) ignoring max retries; 6 > 3
Oct 30 21:54:58 localhost sshd[5161]: Failed password for root from 218.2.0.137 port 4138 ssh2
Oct 30 21:54:58 localhost sshd[5161]: pam_succeed_if(sshd:auth): requirement "uid >= 1000" not met by user "root"
Oct 30 21:54:58 localhost sshd[5169]: error: Could not load host key: /etc/ssh/ssh_host_dsa_key
Oct 30 21:54:58 localhost sshd[5169]: error: Could not load host key: /etc/ssh/ssh_host_ecdsa_key
Oct 30 21:54:59 localhost sshd[5166]: pam_unix(sshd:auth): authentication failure; logname= uid=0 euid=0 tty=ssh ruser= rhost=218.2.0.137  user=root
Oct 30 21:54:59 localhost sshd[5166]: pam_succeed_if(sshd:auth): requirement "uid >= 1000" not met by user "root"
Oct 30 21:55:00 localhost sshd[5166]: Failed password for root from 218.2.0.137 port 5449 ssh2
Oct 30 21:55:00 localhost sshd[5161]: Failed password for root from 218.2.0.137 port 4138 ssh2
Oct 30 21:55:00 localhost sshd[5169]: pam_unix(sshd:auth): authentication failure; logname= uid=0 euid=0 tty=ssh ruser= rhost=218.2.0.137  user=root
Oct 30 21:55:00 localhost sshd[5169]: pam_succeed_if(sshd:auth): requirement "uid >= 1000" not met by user "root"
Oct 30 21:55:00 localhost sshd[5166]: pam_succeed_if(sshd:auth): requirement "uid >= 1000" not met by user "root"
Oct 30 21:55:01 localhost sshd[5161]: pam_succeed_if(sshd:auth): requirement "uid >= 1000" not met by user "root"
Oct 30 21:55:02 localhost sshd[5169]: Failed password for root from 218.2.0.137 port 6273 ssh2
Oct 30 21:55:02 localhost sshd[5166]: Failed password for root from 218.2.0.137 port 5449 ssh2
Oct 30 21:55:02 localhost sshd[5169]: pam_succeed_if(sshd:auth): requirement "uid >= 1000" not met by user "root"
Oct 30 21:55:02 localhost sshd[5166]: pam_succeed_if(sshd:auth): requirement "uid >= 1000" not met by user "root"
Oct 30 21:55:02 localhost sshd[5161]: Failed password for root from 218.2.0.137 port 4138 ssh2
Oct 30 21:55:02 localhost sshd[5161]: pam_succeed_if(sshd:auth): requirement "uid >= 1000" not met by user "root"
Oct 30 21:55:04 localhost sshd[5169]: Failed password for root from 218.2.0.137 port 6273 ssh2
Oct 30 21:55:04 localhost sshd[5166]: Failed password for root from 218.2.0.137 port 5449 ssh2
Oct 30 21:55:05 localhost sshd[5169]: pam_succeed_if(sshd:auth): requirement "uid >= 1000" not met by user "root"
Oct 30 21:55:05 localhost sshd[5166]: pam_succeed_if(sshd:auth): requirement "uid >= 1000" not met by user "root"
Oct 30 21:55:05 localhost sshd[5161]: Failed password for root from 218.2.0.137 port 4138 ssh2
Oct 30 21:55:05 localhost sshd[5161]: pam_succeed_if(sshd:auth): requirement "uid >= 1000" not met by user "root"
Oct 30 21:55:06 localhost sshd[5169]: Failed password for root from 218.2.0.137 port 6273 ssh2
Oct 30 21:55:06 localhost sshd[5166]: Failed password for root from 218.2.0.137 port 5449 ssh2
Oct 30 21:55:07 localhost sshd[5161]: Failed password for root from 218.2.0.137 port 4138 ssh2
Oct 30 21:55:07 localhost sshd[5169]: pam_succeed_if(sshd:auth): requirement "uid >= 1000" not met by user "root"
Oct 30 21:55:07 localhost sshd[5166]: pam_succeed_if(sshd:auth): requirement "uid >= 1000" not met by user "root"
